CRITICAL - 2026-07-21 04:57:16 --> CodeIgniter\Cache\Exceptions\CacheException: Cache unable to write to "/opt/lampp/htdocs/MY_htdocs/S4/System D'informatoin/ProjetS4-Final/writable/cache/".
[Method: GET, Route: /]
in SYSTEMPATH/Cache/Handlers/FileHandler.php on line 66.
 1 SYSTEMPATH/Cache/Handlers/FileHandler.php(66): CodeIgniter\Cache\Exceptions\CacheException::forUnableToWrite()
 2 SYSTEMPATH/Cache/CacheFactory.php(67): CodeIgniter\Cache\Handlers\FileHandler->__construct()
 3 SYSTEMPATH/Config/Services.php(129): CodeIgniter\Cache\CacheFactory::getHandler()
 4 SYSTEMPATH/Config/BaseService.php(325): CodeIgniter\Config\Services::cache()
 5 SYSTEMPATH/Config/BaseService.php(264): CodeIgniter\Config\BaseService::__callStatic()
 6 SYSTEMPATH/Config/Services.php(124): CodeIgniter\Config\BaseService::getSharedInstance()
 7 SYSTEMPATH/Config/BaseService.php(334): CodeIgniter\Config\Services::cache()
 8 SYSTEMPATH/Config/BaseService.php(203): CodeIgniter\Config\BaseService::__callStatic()
 9 SYSTEMPATH/Config/Services.php(454): CodeIgniter\Config\BaseService::get()
10 SYSTEMPATH/Config/BaseService.php(325): CodeIgniter\Config\Services::responsecache()
11 SYSTEMPATH/Config/BaseService.php(264): CodeIgniter\Config\BaseService::__callStatic()
12 SYSTEMPATH/Config/Services.php(450): CodeIgniter\Config\BaseService::getSharedInstance()
13 SYSTEMPATH/Config/BaseService.php(334): CodeIgniter\Config\Services::responsecache()
14 SYSTEMPATH/CodeIgniter.php(178): CodeIgniter\Config\BaseService::__callStatic()
15 SYSTEMPATH/Config/Services.php(164): CodeIgniter\CodeIgniter->__construct()
16 SYSTEMPATH/Config/BaseService.php(325): CodeIgniter\Config\Services::codeigniter()
17 SYSTEMPATH/Config/BaseService.php(264): CodeIgniter\Config\BaseService::__callStatic()
18 SYSTEMPATH/Config/Services.php(159): CodeIgniter\Config\BaseService::getSharedInstance()
19 SYSTEMPATH/Config/BaseService.php(334): CodeIgniter\Config\Services::codeigniter()
20 SYSTEMPATH/Config/BaseService.php(203): CodeIgniter\Config\BaseService::__callStatic()
21 SYSTEMPATH/Common.php(1078): CodeIgniter\Config\BaseService::get()
22 SYSTEMPATH/Boot.php(403): service()
23 SYSTEMPATH/Boot.php(163): CodeIgniter\Boot::initializeCodeIgniter()
24 ROOTPATH/spark(87): CodeIgniter\Boot::bootSpark()
CRITICAL - 2026-07-21 05:00:18 --> CodeIgniter\Cache\Exceptions\CacheException: Cache unable to write to "/opt/lampp/htdocs/MY_htdocs/S4/System D'informatoin/ProjetS4-Final/writable/cache/".
[Method: GET, Route: /]
in SYSTEMPATH/Cache/Handlers/FileHandler.php on line 66.
 1 SYSTEMPATH/Cache/Handlers/FileHandler.php(66): CodeIgniter\Cache\Exceptions\CacheException::forUnableToWrite()
 2 SYSTEMPATH/Cache/CacheFactory.php(67): CodeIgniter\Cache\Handlers\FileHandler->__construct()
 3 SYSTEMPATH/Config/Services.php(129): CodeIgniter\Cache\CacheFactory::getHandler()
 4 SYSTEMPATH/Config/BaseService.php(325): CodeIgniter\Config\Services::cache()
 5 SYSTEMPATH/Config/BaseService.php(264): CodeIgniter\Config\BaseService::__callStatic()
 6 SYSTEMPATH/Config/Services.php(124): CodeIgniter\Config\BaseService::getSharedInstance()
 7 SYSTEMPATH/Config/BaseService.php(334): CodeIgniter\Config\Services::cache()
 8 SYSTEMPATH/Config/BaseService.php(203): CodeIgniter\Config\BaseService::__callStatic()
 9 SYSTEMPATH/Config/Services.php(454): CodeIgniter\Config\BaseService::get()
10 SYSTEMPATH/Config/BaseService.php(325): CodeIgniter\Config\Services::responsecache()
11 SYSTEMPATH/Config/BaseService.php(264): CodeIgniter\Config\BaseService::__callStatic()
12 SYSTEMPATH/Config/Services.php(450): CodeIgniter\Config\BaseService::getSharedInstance()
13 SYSTEMPATH/Config/BaseService.php(334): CodeIgniter\Config\Services::responsecache()
14 SYSTEMPATH/CodeIgniter.php(178): CodeIgniter\Config\BaseService::__callStatic()
15 SYSTEMPATH/Config/Services.php(164): CodeIgniter\CodeIgniter->__construct()
16 SYSTEMPATH/Config/BaseService.php(325): CodeIgniter\Config\Services::codeigniter()
17 SYSTEMPATH/Config/BaseService.php(264): CodeIgniter\Config\BaseService::__callStatic()
18 SYSTEMPATH/Config/Services.php(159): CodeIgniter\Config\BaseService::getSharedInstance()
19 SYSTEMPATH/Config/BaseService.php(334): CodeIgniter\Config\Services::codeigniter()
20 SYSTEMPATH/Config/BaseService.php(203): CodeIgniter\Config\BaseService::__callStatic()
21 SYSTEMPATH/Common.php(1078): CodeIgniter\Config\BaseService::get()
22 SYSTEMPATH/Boot.php(403): service()
23 SYSTEMPATH/Boot.php(163): CodeIgniter\Boot::initializeCodeIgniter()
24 ROOTPATH/spark(87): CodeIgniter\Boot::bootSpark()
DEBUG - 2026-07-21 05:03:17 --> Session: Class initialized using 'CodeIgniter\Session\Handlers\FileHandler' driver.
INFO - 2026-07-21 05:03:36 --> CSRF token verified.
DEBUG - 2026-07-21 05:03:36 --> Session: Class initialized using 'CodeIgniter\Session\Handlers\FileHandler' driver.
DEBUG - 2026-07-21 05:03:37 --> Session: Class initialized using 'CodeIgniter\Session\Handlers\FileHandler' driver.
DEBUG - 2026-07-21 05:03:42 --> Session: Class initialized using 'CodeIgniter\Session\Handlers\FileHandler' driver.
DEBUG - 2026-07-21 05:03:46 --> Session: Class initialized using 'CodeIgniter\Session\Handlers\FileHandler' driver.
INFO - 2026-07-21 05:06:27 --> CSRF token verified.
DEBUG - 2026-07-21 05:06:27 --> Session: Class initialized using 'CodeIgniter\Session\Handlers\FileHandler' driver.
DEBUG - 2026-07-21 05:06:27 --> Session: Class initialized using 'CodeIgniter\Session\Handlers\FileHandler' driver.
DEBUG - 2026-07-21 05:06:28 --> Session: Class initialized using 'CodeIgniter\Session\Handlers\FileHandler' driver.
DEBUG - 2026-07-21 05:06:35 --> Session: Class initialized using 'CodeIgniter\Session\Handlers\FileHandler' driver.
DEBUG - 2026-07-21 05:06:41 --> Session: Class initialized using 'CodeIgniter\Session\Handlers\FileHandler' driver.
DEBUG - 2026-07-21 05:06:44 --> Session: Class initialized using 'CodeIgniter\Session\Handlers\FileHandler' driver.
DEBUG - 2026-07-21 05:06:45 --> Session: Class initialized using 'CodeIgniter\Session\Handlers\FileHandler' driver.
DEBUG - 2026-07-21 05:06:47 --> Session: Class initialized using 'CodeIgniter\Session\Handlers\FileHandler' driver.
DEBUG - 2026-07-21 05:06:57 --> Session: Class initialized using 'CodeIgniter\Session\Handlers\FileHandler' driver.
DEBUG - 2026-07-21 05:08:27 --> Session: Class initialized using 'CodeIgniter\Session\Handlers\FileHandler' driver.
DEBUG - 2026-07-21 05:11:26 --> Session: Class initialized using 'CodeIgniter\Session\Handlers\FileHandler' driver.
DEBUG - 2026-07-21 05:12:01 --> Session: Class initialized using 'CodeIgniter\Session\Handlers\FileHandler' driver.
DEBUG - 2026-07-21 05:12:03 --> Session: Class initialized using 'CodeIgniter\Session\Handlers\FileHandler' driver.
DEBUG - 2026-07-21 05:12:05 --> Session: Class initialized using 'CodeIgniter\Session\Handlers\FileHandler' driver.
CRITICAL - 2026-07-21 07:32:35 --> CodeIgniter\Cache\Exceptions\CacheException: Cache unable to write to "/opt/lampp/htdocs/MY_htdocs/S4/System D'informatoin/ProjetS4-Final/writable/cache/".
[Method: GET, Route: /]
in SYSTEMPATH/Cache/Handlers/FileHandler.php on line 66.
 1 SYSTEMPATH/Cache/Handlers/FileHandler.php(66): CodeIgniter\Cache\Exceptions\CacheException::forUnableToWrite()
 2 SYSTEMPATH/Cache/CacheFactory.php(67): CodeIgniter\Cache\Handlers\FileHandler->__construct()
 3 SYSTEMPATH/Config/Services.php(129): CodeIgniter\Cache\CacheFactory::getHandler()
 4 SYSTEMPATH/Config/BaseService.php(325): CodeIgniter\Config\Services::cache()
 5 SYSTEMPATH/Config/BaseService.php(264): CodeIgniter\Config\BaseService::__callStatic()
 6 SYSTEMPATH/Config/Services.php(124): CodeIgniter\Config\BaseService::getSharedInstance()
 7 SYSTEMPATH/Config/BaseService.php(334): CodeIgniter\Config\Services::cache()
 8 SYSTEMPATH/Config/BaseService.php(203): CodeIgniter\Config\BaseService::__callStatic()
 9 SYSTEMPATH/Config/Services.php(454): CodeIgniter\Config\BaseService::get()
10 SYSTEMPATH/Config/BaseService.php(325): CodeIgniter\Config\Services::responsecache()
11 SYSTEMPATH/Config/BaseService.php(264): CodeIgniter\Config\BaseService::__callStatic()
12 SYSTEMPATH/Config/Services.php(450): CodeIgniter\Config\BaseService::getSharedInstance()
13 SYSTEMPATH/Config/BaseService.php(334): CodeIgniter\Config\Services::responsecache()
14 SYSTEMPATH/CodeIgniter.php(178): CodeIgniter\Config\BaseService::__callStatic()
15 SYSTEMPATH/Config/Services.php(164): CodeIgniter\CodeIgniter->__construct()
16 SYSTEMPATH/Config/BaseService.php(325): CodeIgniter\Config\Services::codeigniter()
17 SYSTEMPATH/Config/BaseService.php(264): CodeIgniter\Config\BaseService::__callStatic()
18 SYSTEMPATH/Config/Services.php(159): CodeIgniter\Config\BaseService::getSharedInstance()
19 SYSTEMPATH/Config/BaseService.php(334): CodeIgniter\Config\Services::codeigniter()
20 SYSTEMPATH/Config/BaseService.php(203): CodeIgniter\Config\BaseService::__callStatic()
21 SYSTEMPATH/Common.php(1078): CodeIgniter\Config\BaseService::get()
22 SYSTEMPATH/Boot.php(403): service()
23 SYSTEMPATH/Boot.php(163): CodeIgniter\Boot::initializeCodeIgniter()
24 ROOTPATH/spark(87): CodeIgniter\Boot::bootSpark()
<<<<<<< HEAD
DEBUG - 2026-07-21 06:43:26 --> Session: Class initialized using 'CodeIgniter\Session\Handlers\FileHandler' driver.
DEBUG - 2026-07-21 06:43:28 --> Session: Class initialized using 'CodeIgniter\Session\Handlers\FileHandler' driver.
INFO - 2026-07-21 06:43:31 --> CSRF token verified.
DEBUG - 2026-07-21 06:43:31 --> Session: Class initialized using 'CodeIgniter\Session\Handlers\FileHandler' driver.
DEBUG - 2026-07-21 06:43:31 --> Session: Class initialized using 'CodeIgniter\Session\Handlers\FileHandler' driver.
=======
>>>>>>> main
DEBUG - 2026-07-21 07:38:08 --> Session: Class initialized using 'CodeIgniter\Session\Handlers\FileHandler' driver.
INFO - 2026-07-21 07:38:18 --> CSRF token verified.
DEBUG - 2026-07-21 07:38:18 --> Session: Class initialized using 'CodeIgniter\Session\Handlers\FileHandler' driver.
DEBUG - 2026-07-21 07:38:18 --> Session: Class initialized using 'CodeIgniter\Session\Handlers\FileHandler' driver.
CRITICAL - 2026-07-21 07:38:20 --> ParseError: syntax error, unexpected token "<<"
[Method: GET, Route: client/operation]
in APPPATH/Controllers/Front/OperationController.php on line 161.
 1 SYSTEMPATH/Autoloader/Autoloader.php(295): CodeIgniter\Autoloader\Autoloader->includeFile()
 2 SYSTEMPATH/Autoloader/Autoloader.php(271): CodeIgniter\Autoloader\Autoloader->loadInNamespace()
 3 [internal function]: CodeIgniter\Autoloader\Autoloader->loadClass()
 4 SYSTEMPATH/Router/Router.php(792): class_exists()
 5 SYSTEMPATH/Router/Router.php(230): CodeIgniter\Router\Router->processRouteAttributes()
 6 SYSTEMPATH/CodeIgniter.php(829): CodeIgniter\Router\Router->handle()
 7 SYSTEMPATH/CodeIgniter.php(441): CodeIgniter\CodeIgniter->tryToRouteIt()
 8 SYSTEMPATH/CodeIgniter.php(340): CodeIgniter\CodeIgniter->handleRequest()
 9 SYSTEMPATH/Boot.php(417): CodeIgniter\CodeIgniter->run()
10 SYSTEMPATH/Boot.php(68): CodeIgniter\Boot::runCodeIgniter()
11 FCPATH/index.php(59): CodeIgniter\Boot::bootWeb()
12 SYSTEMPATH/rewrite.php(44): require_once('/home/iantra/Documents/My_Docs/S4/SI/ProjetS4-Final/public/index.php')
DEBUG - 2026-07-21 07:40:07 --> Session: Class initialized using 'CodeIgniter\Session\Handlers\FileHandler' driver.
CRITICAL - 2026-07-21 07:40:07 --> ParseError: syntax error, unexpected token "<<", expecting "function"
[Method: GET, Route: client/operation]
in APPPATH/Models/OperateurModel.php on line 11.
 1 SYSTEMPATH/Autoloader/Autoloader.php(295): CodeIgniter\Autoloader\Autoloader->includeFile()
 2 SYSTEMPATH/Autoloader/Autoloader.php(271): CodeIgniter\Autoloader\Autoloader->loadInNamespace()
 3 APPPATH/Models/NumeroTelephoneModel.php(45): CodeIgniter\Autoloader\Autoloader->loadClass()
 4 APPPATH/Controllers/Front/OperationController.php(26): App\Models\NumeroTelephoneModel->operateurDuNumero()
 5 SYSTEMPATH/CodeIgniter.php(951): App\Controllers\Front\OperationController->operation()
 6 SYSTEMPATH/CodeIgniter.php(497): CodeIgniter\CodeIgniter->runController()
 7 SYSTEMPATH/CodeIgniter.php(340): CodeIgniter\CodeIgniter->handleRequest()
 8 SYSTEMPATH/Boot.php(417): CodeIgniter\CodeIgniter->run()
 9 SYSTEMPATH/Boot.php(68): CodeIgniter\Boot::runCodeIgniter()
10 FCPATH/index.php(59): CodeIgniter\Boot::bootWeb()
11 SYSTEMPATH/rewrite.php(44): require_once('/home/iantra/Documents/My_Docs/S4/SI/ProjetS4-Final/public/index.php')
DEBUG - 2026-07-21 07:40:08 --> Session: Class initialized using 'CodeIgniter\Session\Handlers\FileHandler' driver.
CRITICAL - 2026-07-21 07:40:08 --> ParseError: syntax error, unexpected token "<<", expecting "function"
[Method: GET, Route: client/operation]
in APPPATH/Models/OperateurModel.php on line 11.
 1 SYSTEMPATH/Autoloader/Autoloader.php(295): CodeIgniter\Autoloader\Autoloader->includeFile()
 2 SYSTEMPATH/Autoloader/Autoloader.php(271): CodeIgniter\Autoloader\Autoloader->loadInNamespace()
 3 APPPATH/Models/NumeroTelephoneModel.php(45): CodeIgniter\Autoloader\Autoloader->loadClass()
 4 APPPATH/Controllers/Front/OperationController.php(26): App\Models\NumeroTelephoneModel->operateurDuNumero()
 5 SYSTEMPATH/CodeIgniter.php(951): App\Controllers\Front\OperationController->operation()
 6 SYSTEMPATH/CodeIgniter.php(497): CodeIgniter\CodeIgniter->runController()
 7 SYSTEMPATH/CodeIgniter.php(340): CodeIgniter\CodeIgniter->handleRequest()
 8 SYSTEMPATH/Boot.php(417): CodeIgniter\CodeIgniter->run()
 9 SYSTEMPATH/Boot.php(68): CodeIgniter\Boot::runCodeIgniter()
10 FCPATH/index.php(59): CodeIgniter\Boot::bootWeb()
11 SYSTEMPATH/rewrite.php(44): require_once('/home/iantra/Documents/My_Docs/S4/SI/ProjetS4-Final/public/index.php')
DEBUG - 2026-07-21 07:40:09 --> Session: Class initialized using 'CodeIgniter\Session\Handlers\FileHandler' driver.
CRITICAL - 2026-07-21 07:40:09 --> ParseError: syntax error, unexpected token "<<", expecting "function"
[Method: GET, Route: client/operation]
in APPPATH/Models/OperateurModel.php on line 11.
 1 SYSTEMPATH/Autoloader/Autoloader.php(295): CodeIgniter\Autoloader\Autoloader->includeFile()
 2 SYSTEMPATH/Autoloader/Autoloader.php(271): CodeIgniter\Autoloader\Autoloader->loadInNamespace()
 3 APPPATH/Models/NumeroTelephoneModel.php(45): CodeIgniter\Autoloader\Autoloader->loadClass()
 4 APPPATH/Controllers/Front/OperationController.php(26): App\Models\NumeroTelephoneModel->operateurDuNumero()
 5 SYSTEMPATH/CodeIgniter.php(951): App\Controllers\Front\OperationController->operation()
 6 SYSTEMPATH/CodeIgniter.php(497): CodeIgniter\CodeIgniter->runController()
 7 SYSTEMPATH/CodeIgniter.php(340): CodeIgniter\CodeIgniter->handleRequest()
 8 SYSTEMPATH/Boot.php(417): CodeIgniter\CodeIgniter->run()
 9 SYSTEMPATH/Boot.php(68): CodeIgniter\Boot::runCodeIgniter()
10 FCPATH/index.php(59): CodeIgniter\Boot::bootWeb()
11 SYSTEMPATH/rewrite.php(44): require_once('/home/iantra/Documents/My_Docs/S4/SI/ProjetS4-Final/public/index.php')
DEBUG - 2026-07-21 07:40:09 --> Session: Class initialized using 'CodeIgniter\Session\Handlers\FileHandler' driver.
CRITICAL - 2026-07-21 07:40:09 --> ParseError: syntax error, unexpected token "<<", expecting "function"
[Method: GET, Route: client/operation]
in APPPATH/Models/OperateurModel.php on line 11.
 1 SYSTEMPATH/Autoloader/Autoloader.php(295): CodeIgniter\Autoloader\Autoloader->includeFile()
 2 SYSTEMPATH/Autoloader/Autoloader.php(271): CodeIgniter\Autoloader\Autoloader->loadInNamespace()
 3 APPPATH/Models/NumeroTelephoneModel.php(45): CodeIgniter\Autoloader\Autoloader->loadClass()
 4 APPPATH/Controllers/Front/OperationController.php(26): App\Models\NumeroTelephoneModel->operateurDuNumero()
 5 SYSTEMPATH/CodeIgniter.php(951): App\Controllers\Front\OperationController->operation()
 6 SYSTEMPATH/CodeIgniter.php(497): CodeIgniter\CodeIgniter->runController()
 7 SYSTEMPATH/CodeIgniter.php(340): CodeIgniter\CodeIgniter->handleRequest()
 8 SYSTEMPATH/Boot.php(417): CodeIgniter\CodeIgniter->run()
 9 SYSTEMPATH/Boot.php(68): CodeIgniter\Boot::runCodeIgniter()
10 FCPATH/index.php(59): CodeIgniter\Boot::bootWeb()
11 SYSTEMPATH/rewrite.php(44): require_once('/home/iantra/Documents/My_Docs/S4/SI/ProjetS4-Final/public/index.php')
DEBUG - 2026-07-21 07:40:09 --> Session: Class initialized using 'CodeIgniter\Session\Handlers\FileHandler' driver.
CRITICAL - 2026-07-21 07:40:09 --> ParseError: syntax error, unexpected token "<<", expecting "function"
[Method: GET, Route: client/operation]
in APPPATH/Models/OperateurModel.php on line 11.
 1 SYSTEMPATH/Autoloader/Autoloader.php(295): CodeIgniter\Autoloader\Autoloader->includeFile()
 2 SYSTEMPATH/Autoloader/Autoloader.php(271): CodeIgniter\Autoloader\Autoloader->loadInNamespace()
 3 APPPATH/Models/NumeroTelephoneModel.php(45): CodeIgniter\Autoloader\Autoloader->loadClass()
 4 APPPATH/Controllers/Front/OperationController.php(26): App\Models\NumeroTelephoneModel->operateurDuNumero()
 5 SYSTEMPATH/CodeIgniter.php(951): App\Controllers\Front\OperationController->operation()
 6 SYSTEMPATH/CodeIgniter.php(497): CodeIgniter\CodeIgniter->runController()
 7 SYSTEMPATH/CodeIgniter.php(340): CodeIgniter\CodeIgniter->handleRequest()
 8 SYSTEMPATH/Boot.php(417): CodeIgniter\CodeIgniter->run()
 9 SYSTEMPATH/Boot.php(68): CodeIgniter\Boot::runCodeIgniter()
10 FCPATH/index.php(59): CodeIgniter\Boot::bootWeb()
11 SYSTEMPATH/rewrite.php(44): require_once('/home/iantra/Documents/My_Docs/S4/SI/ProjetS4-Final/public/index.php')
DEBUG - 2026-07-21 07:40:09 --> Session: Class initialized using 'CodeIgniter\Session\Handlers\FileHandler' driver.
CRITICAL - 2026-07-21 07:40:09 --> ParseError: syntax error, unexpected token "<<", expecting "function"
[Method: GET, Route: client/operation]
in APPPATH/Models/OperateurModel.php on line 11.
 1 SYSTEMPATH/Autoloader/Autoloader.php(295): CodeIgniter\Autoloader\Autoloader->includeFile()
 2 SYSTEMPATH/Autoloader/Autoloader.php(271): CodeIgniter\Autoloader\Autoloader->loadInNamespace()
 3 APPPATH/Models/NumeroTelephoneModel.php(45): CodeIgniter\Autoloader\Autoloader->loadClass()
 4 APPPATH/Controllers/Front/OperationController.php(26): App\Models\NumeroTelephoneModel->operateurDuNumero()
 5 SYSTEMPATH/CodeIgniter.php(951): App\Controllers\Front\OperationController->operation()
 6 SYSTEMPATH/CodeIgniter.php(497): CodeIgniter\CodeIgniter->runController()
 7 SYSTEMPATH/CodeIgniter.php(340): CodeIgniter\CodeIgniter->handleRequest()
 8 SYSTEMPATH/Boot.php(417): CodeIgniter\CodeIgniter->run()
 9 SYSTEMPATH/Boot.php(68): CodeIgniter\Boot::runCodeIgniter()
10 FCPATH/index.php(59): CodeIgniter\Boot::bootWeb()
11 SYSTEMPATH/rewrite.php(44): require_once('/home/iantra/Documents/My_Docs/S4/SI/ProjetS4-Final/public/index.php')
DEBUG - 2026-07-21 08:18:32 --> Session: Class initialized using 'CodeIgniter\Session\Handlers\FileHandler' driver.
DEBUG - 2026-07-21 08:18:32 --> Session: Class initialized using 'CodeIgniter\Session\Handlers\FileHandler' driver.
DEBUG - 2026-07-21 08:18:34 --> Session: Class initialized using 'CodeIgniter\Session\Handlers\FileHandler' driver.
